Microchip MPLAB XC8 Compiler V2.20

Linker command line:

--edf=C:\Program Files\Microchip\xc8\v2.20\pic\dat\en_msgs.txt -cn \
  -h+dist/16F877A/production\HeaterProject.X.production.sym \
  --cmf=dist/16F877A/production\HeaterProject.X.production.cmf -z -Q16F877A \
  -oC:\Users\karim\AppData\Local\Temp\si50.2 --defsym=__MPLAB_BUILD=1 \
  -Mdist/16F877A/production/HeaterProject.X.production.map -E1 \
  -ver=XC8 Compiler --acfsm=1493 -ASTACK=0110h-016Fh -pstack=STACK \
  -ACODE=00h-07FFhx4 -ASTRCODE=00h-01FFFh -ASTRING=00h-0FFhx32 \
  -ACONST=00h-0FFhx32 -AENTRY=00h-0FFhx32 -ACOMMON=070h-07Fh \
  -ABANK0=020h-06Fh -ABANK1=0A0h-0EFh -ABANK2=0110h-016Fh \
  -ABANK3=0190h-01EFh -ARAM=020h-06Fh,0A0h-0EFh,0110h-016Fh,0190h-01EFh \
  -AABS1=020h-07Fh,0A0h-0EFh,0110h-016Fh,0190h-01EFh -ASFR0=00h-01Fh \
  -ASFR1=080h-09Fh -ASFR2=0100h-010Fh -ASFR3=0180h-018Fh \
  -ACONFIG=02007h-02007h -DCONFIG=2 -AIDLOC=02000h-02003h -DIDLOC=2 \
  -preset_vec=00h,intentry=04h,init,end_init -ppowerup=CODE -pcinit=CODE \
  -pfunctab=ENTRY -AEEDATA=00h-0FFh/02100h -peeprom_data=EEDATA -DEEDATA=2 \
  -DCODE=2 -DSTRCODE=2 -DSTRING=2 -DCONST=2 -DENTRY=2 -k \
  C:\Users\karim\AppData\Local\Temp\si50.o \
  dist/16F877A/production\HeaterProject.X.production.o 

Object code version is 3.11

Machine type is 16F877A



                Name                               Link     Load   Length Selector   Space Scale
C:\Users\karim\AppData\Local\Temp\si50.o
                end_init                             12       12        3        8       0
                reset_vec                             0        0        3        0       0
                config                             2007     2007        1        0       4
dist/16F877A/production\HeaterProject.X.production.o
                cinit                                15       15       1A        8       0
                intentry                              4        4        E        8       0
                config                             2007     2007        1        0       4
                text19                              2AE      2AE       67        8       0
                text18                              37A      37A       59        8       0
                text17                              50D      50D       46        8       0
                text16                              3D3      3D3       57        8       0
                text15                              613      613        9        8       0
                text14                              42A      42A       50        8       0
                text13                              5CB      5CB       12        8       0
                text12                              5B9      5B9       12        8       0
                text11                              553      553       3E        8       0
                text10                              47A      47A       4D        8       0
                text9                               315      315       65        8       0
                text8                                2F       2F      184        8       0
                text7                               4C7      4C7       46        8       0
                text6                               60A      60A        9        8       0
                text5                               624      624        8        8       0
                text4                               591      591       15        8       0
                text3                               600      600        A        8       0
                text2                               5F6      5F6        A        8       0
                text1                               5EA      5EA        C        8       0
                maintext                            1B3      1B3       FB        8       0
                cstackBANK0                          20       20       1A       20       1
                cstackCOMMON                         70       70        E       70       1
                clrtext                             61C      61C        8        8       0
                inittext                            5A6      5A6       13        8       0
                dataBANK0                            4A       4A        D       20       1
                bssBANK0                             3A       3A       10       20       1
                idataBANK0                          5DD      5DD        D        8       0

TOTAL           Name                               Link     Load   Length     Space
        CLASS   STACK          

        CLASS   CODE           
                end_init                             12       12        3         0
                cinit                                15       15       1A         0
                intentry                              4        4        E         0
                reset_vec                             0        0        3         0
                text19                              2AE      2AE       67         0
                text18                              37A      37A       59         0
                text17                              50D      50D       46         0
                text16                              3D3      3D3       57         0
                text15                              613      613        9         0
                text14                              42A      42A       50         0
                text13                              5CB      5CB       12         0
                text12                              5B9      5B9       12         0
                text11                              553      553       3E         0
                text10                              47A      47A       4D         0
                text9                               315      315       65         0
                text8                                2F       2F      184         0
                text7                               4C7      4C7       46         0
                text6                               60A      60A        9         0
                text5                               624      624        8         0
                text4                               591      591       15         0
                text3                               600      600        A         0
                text2                               5F6      5F6        A         0
                text1                               5EA      5EA        C         0
                maintext                            1B3      1B3       FB         0
                clrtext                             61C      61C        8         0
                inittext                            5A6      5A6       13         0
                idataBANK0                          5DD      5DD        D         0

        CLASS   STRCODE        

        CLASS   STRING         

        CLASS   CONST          

        CLASS   ENTRY          

        CLASS   COMMON         
                cstackCOMMON                         70       70        E         1

        CLASS   BANK0          
                cstackBANK0                          20       20       1A         1
                dataBANK0                            4A       4A        D         1
                bssBANK0                             3A       3A       10         1

        CLASS   BANK1          

        CLASS   BANK2          

        CLASS   BANK3          

        CLASS   RAM            

        CLASS   ABS1           
                abs_s1                               7E       7E        2         1

        CLASS   SFR0           

        CLASS   SFR1           

        CLASS   SFR2           

        CLASS   SFR3           

        CLASS   CONFIG         
                config                             2007     2007        1         4

        CLASS   IDLOC          

        CLASS   EEDATA         



SEGMENTS        Name                           Load    Length   Top    Selector   Space  Class     Delta

                reset_vec                      000000  000003  000003         0       0  CODE        2
                intentry                       000004  000628  00062C         8       0  CODE        2
                cstackBANK0                    000020  000037  000057        20       1  BANK0       1
                cstackCOMMON                   000070  00000E  00007E        70       1  COMMON      1


UNUSED ADDRESS RANGES

        Name                Unused          Largest block    Delta
        BANK0            0057-006F             19           1
        BANK1            00A0-00EF             50           1
        BANK2            0110-016F             60           1
        BANK3            0190-01EF             60           1
        CODE             0003-0003              1           2
                         062C-1FFF            800
        CONST            0003-0003              1           2
                         062C-1FFF            100
        EEDATA           2100-21FF            100           2
        ENTRY            0003-0003              1           2
                         062C-1FFF            100
        IDLOC            2000-2003              4           2
        RAM              0057-006F             19           1
                         00A0-00EF             50
                         0110-016F             60
                         0190-01EF             60
        SFR0             0000-001F             20           1
        SFR1             0080-009F             20           1
        SFR2             0100-010F             10           1
        SFR3             0180-018F             10           1
        STACK            0110-016F             60           1
        STRCODE          0003-0003              1           2
                         062C-1FFF           19D4
        STRING           0003-0003              1           2
                         062C-1FFF            100

                                  Symbol Table

?___awdiv                  cstackCOMMON 0070
?___awmod                  cstackCOMMON 0070
?___lwdiv                  cstackBANK0  002F
?_adc_amostra              cstackCOMMON 0070
_ADCON0                    (abs)        001F
_ADCON0bits                (abs)        001F
_ADCON1                    (abs)        009F
_ADRESH                    (abs)        001E
_ADRESL                    (abs)        009E
_GIE                       (abs)        005F
_INTE                      (abs)        005C
_INTF                      (abs)        0059
_ISR                       text8        002F
_ISR$275                   cstackBANK0  002B
_ISR$276                   cstackBANK0  002D
_OPTION_REG                (abs)        0081
_PEIE                      (abs)        005E
_PORTA                     (abs)        0005
_PORTB                     (abs)        0006
_PORTBbits                 (abs)        0006
_PORTCbits                 (abs)        0007
_PORTD                     (abs)        0008
_T1CON                     (abs)        0010
_T2CON                     (abs)        0012
_TMR0                      (abs)        0001
_TMR0IE                    (abs)        005D
_TMR0IF                    (abs)        005A
_TMR1                      (abs)        000E
_TMR1IE                    (abs)        0460
_TMR1IF                    (abs)        0060
_TMR1ON                    (abs)        0080
_TMR2                      (abs)        0011
_TMR2IE                    (abs)        0461
_TMR2IF                    (abs)        0061
_TMR2ON                    (abs)        0092
_TRISA                     (abs)        0085
_TRISB                     (abs)        0086
_TRISC                     (abs)        0087
_TRISCbits                 (abs)        0087
_TRISD                     (abs)        0088
__Habs1                    abs1         0000
__Hbank0                   bank0        0000
__Hbank1                   bank1        0000
__Hbank2                   bank2        0000
__Hbank3                   bank3        0000
__HbssBANK0                bssBANK0     0000
__Hcinit                   cinit        002F
__Hclrtext                 clrtext      0000
__Hcode                    code         0000
__Hcommon                  common       0000
__Hconfig                  config       2008
__HcstackBANK0             cstackBANK0  0000
__HcstackCOMMON            cstackCOMMON 0000
__HdataBANK0               dataBANK0    0000
__Heeprom_data             eeprom_data  0000
__Hend_init                end_init     0015
__Hfunctab                 functab      0000
__HidataBANK0              idataBANK0   0000
__Hinit                    init         0012
__Hinittext                inittext     0000
__Hintentry                intentry     0012
__Hmaintext                maintext     0000
__Hpowerup                 powerup      0000
__Hram                     ram          0000
__Hreset_vec               reset_vec    0003
__Hsfr0                    sfr0         0000
__Hsfr1                    sfr1         0000
__Hsfr2                    sfr2         0000
__Hsfr3                    sfr3         0000
__Hspace_0                 (abs)        062C
__Hspace_1                 (abs)        007E
__Hspace_2                 (abs)        0000
__Hspace_3                 (abs)        0000
__Hspace_4                 (abs)        400F
__Hstack                   stack        0000
__Hstrings                 strings      0000
__Htext                    text         0000
__Labs1                    abs1         0000
__Lbank0                   bank0        0000
__Lbank1                   bank1        0000
__Lbank2                   bank2        0000
__Lbank3                   bank3        0000
__LbssBANK0                bssBANK0     0000
__Lcinit                   cinit        0015
__Lclrtext                 clrtext      0000
__Lcode                    code         0000
__Lcommon                  common       0000
__Lconfig                  config       0000
__LcstackBANK0             cstackBANK0  0000
__LcstackCOMMON            cstackCOMMON 0000
__LdataBANK0               dataBANK0    0000
__Leeprom_data             eeprom_data  0000
__Lend_init                end_init     0012
__Lfunctab                 functab      0000
__LidataBANK0              idataBANK0   0000
__Linit                    init         0012
__Linittext                inittext     0000
__Lintentry                intentry     0004
__Lmaintext                maintext     0000
__Lpowerup                 powerup      0000
__Lram                     ram          0000
__Lreset_vec               reset_vec    0000
__Lsfr0                    sfr0         0000
__Lsfr1                    sfr1         0000
__Lsfr2                    sfr2         0000
__Lsfr3                    sfr3         0000
__Lspace_0                 (abs)        0000
__Lspace_1                 (abs)        0000
__Lspace_2                 (abs)        0000
__Lspace_3                 (abs)        0000
__Lspace_4                 (abs)        0000
__Lstack                   stack        0000
__Lstrings                 strings      0000
__Ltext                    text         0000
__S0                       (abs)        062C
__S1                       (abs)        007E
__S2                       (abs)        0000
__S3                       (abs)        0000
___awdiv                   text19       02AE
___awdiv@counter           cstackCOMMON 0074
___awdiv@dividend          cstackCOMMON 0072
___awdiv@divisor           cstackCOMMON 0070
___awdiv@quotient          cstackCOMMON 0076
___awdiv@sign              cstackCOMMON 0075
___awmod                   text18       037A
___awmod@counter           cstackCOMMON 0074
___awmod@dividend          cstackCOMMON 0072
___awmod@divisor           cstackCOMMON 0070
___awmod@sign              cstackCOMMON 0075
___int_sp                  stack        0000
___latbits                 (abs)        0002
___lwdiv                   text7        04C7
___lwdiv@counter           cstackBANK0  0035
___lwdiv@dividend          cstackBANK0  0031
___lwdiv@divisor           cstackBANK0  002F
___lwdiv@quotient          cstackBANK0  0033
___sp                      stack        0000
___stackhi                 (abs)        0000
___stacklo                 (abs)        0000
__end_of_ISR               text8        01B3
__end_of___awdiv           text19       0315
__end_of___awmod           text18       03D3
__end_of___lwdiv           text7        050D
__end_of__initialization   cinit        002B
__end_of_adc_amostra       text17       0553
__end_of_adc_init          text6        0613
__end_of_delay             text15       061C
__end_of_display7s         text16       042A
__end_of_e2pext_r          text10       04C7
__end_of_e2pext_w          text9        037A
__end_of_i2c_init          text5        062C
__end_of_i2c_rb            text14       047A
__end_of_i2c_start         text13       05DD
__end_of_i2c_stop          text12       05CB
__end_of_i2c_wb            text11       0591
__end_of_init              text4        05A6
__end_of_main              maintext     02AE
__end_of_timer_100ms_init  text3        060A
__end_of_timer_10ms_init   text2        0600
__end_of_timer_1s_init     text1        05F6
__initialization           cinit        0015
__pbssBANK0                bssBANK0     003A
__pcstackBANK0             cstackBANK0  0020
__pcstackCOMMON            cstackCOMMON 0070
__pdataBANK0               dataBANK0    004A
__pidataBANK0              idataBANK0   05DD
__pintentry                intentry     0004
__pmaintext                maintext     01B3
__ptext1                   text1        05EA
__ptext10                  text10       047A
__ptext11                  text11       0553
__ptext12                  text12       05B9
__ptext13                  text13       05CB
__ptext14                  text14       042A
__ptext15                  text15       0613
__ptext16                  text16       03D3
__ptext17                  text17       050D
__ptext18                  text18       037A
__ptext19                  text19       02AE
__ptext2                   text2        05F6
__ptext3                   text3        0600
__ptext4                   text4        0591
__ptext5                   text5        0624
__ptext6                   text6        060A
__ptext7                   text7        04C7
__ptext8                   text8        002F
__ptext9                   text9        0315
__size_of_ISR              (abs)        0000
__size_of___awdiv          (abs)        0000
__size_of___awmod          (abs)        0000
__size_of___lwdiv          (abs)        0000
__size_of_adc_amostra      (abs)        0000
__size_of_adc_init         (abs)        0000
__size_of_delay            (abs)        0000
__size_of_display7s        (abs)        0000
__size_of_e2pext_r         (abs)        0000
__size_of_e2pext_w         (abs)        0000
__size_of_i2c_init         (abs)        0000
__size_of_i2c_rb           (abs)        0000
__size_of_i2c_start        (abs)        0000
__size_of_i2c_stop         (abs)        0000
__size_of_i2c_wb           (abs)        0000
__size_of_init             (abs)        0000
__size_of_main             (abs)        0000
__size_of_timer_100ms_init (abs)        0000
__size_of_timer_10ms_init  (abs)        0000
__size_of_timer_1s_init    (abs)        0000
_adc_amostra               text17       050D
_adc_init                  text6        060A
_coolMode                  bssBANK0     0046
_delay                     text15       0613
_delay7S                   bssBANK0     0045
_delayLED                  bssBANK0     0044
_display7s                 text16       03D3
_e2pext_r                  text10       047A
_e2pext_w                  text9        0315
_firstDigit                bssBANK0     003F
_heatMode                  bssBANK0     0047
_i                         bssBANK0     0043
_i2c_init                  text5        0624
_i2c_rb                    text14       042A
_i2c_start                 text13       05CB
_i2c_stop                  text12       05B9
_i2c_wb                    text11       0553
_index                     bssBANK0     003D
_init                      text4        0591
_main                      maintext     01B3
_mask7S                    dataBANK0    0056
_maskLED                   dataBANK0    0055
_notPressed                bssBANK0     003C
_powerMode                 bssBANK0     0048
_secondDigit               bssBANK0     003E
_segFlag                   bssBANK0     0042
_sum                       bssBANK0     003A
_tempAvg                   bssBANK0     0041
_tempCurr                  bssBANK0     0040
_tempHist                  dataBANK0    004A
_tempMode                  bssBANK0     0049
_tempSet                   dataBANK0    0054
_timer_100ms_init          text3        0600
_timer_10ms_init           text2        05F6
_timer_1s_init             text1        05EA
adc_amostra@canal          cstackCOMMON 0079
btemp                      (abs)        007E
clear_ram0                 clrtext      061C
display7s@v                cstackCOMMON 0070
e2pext_r@addr              cstackCOMMON 0074
e2pext_r@ah                cstackCOMMON 0078
e2pext_r@al                cstackCOMMON 0077
e2pext_r@ret               cstackCOMMON 0076
e2pext_w@addr              cstackCOMMON 0079
e2pext_w@ah                cstackBANK0  0020
e2pext_w@al                cstackBANK0  0021
e2pext_w@nt                cstackBANK0  0022
e2pext_w@tmp               cstackBANK0  0023
e2pext_w@val               cstackCOMMON 007B
end_of_initialization      cinit        002B
i2c_rb@ack                 cstackCOMMON 0071
i2c_rb@i                   cstackCOMMON 0073
i2c_rb@ret                 cstackCOMMON 0072
i2c_wb@i                   cstackCOMMON 0073
i2c_wb@val                 cstackCOMMON 0072
init_fetch0                inittext     05A6
init_ram0                  inittext     05AA
interrupt_function         intentry     0004
intlevel0                  functab      0000
intlevel1                  functab      0000
intlevel2                  functab      0000
intlevel3                  functab      0000
intlevel4                  functab      0000
intlevel5                  functab      0000
reset_vec                  reset_vec    0000
saved_w                    (abs)        007E
start                      init         0012
start_initialization       cinit        0015
wtemp0                     (abs)        007E


FUNCTION INFORMATION:

 *************** function _main *****************
 Defined at:
		line 200 in file "main.c"
 Parameters:    Size  Location     Type
		None
 Auto vars:     Size  Location     Type
		None
 Return value:  Size  Location     Type
                  1    wreg      void 
 Registers used:
		wreg, fsr0l, fsr0h, status,2, status,0, btemp+1, pclath, cstack
 Tracked objects:
		On entry : 
		On exit  : 
		Unchanged: 
 Data sizes:     COMMON   BANK0   BANK1   BANK3   BANK2
      Params:         0       0       0       0       0
      Locals:         0       0       0       0       0
      Temps:          0       4       0       0       0
      Totals:         0       4       0       0       0
Total ram usage:        4 bytes
 Hardware stack levels required when called:    6
 This function calls:
		___lwdiv
		_adc_init
		_i2c_init
		_init
		_timer_100ms_init
		_timer_10ms_init
		_timer_1s_init
 This function is called by:
		Startup code after reset
 This function uses a non-reentrant model


 *************** function _timer_1s_init *****************
 Defined at:
		line 194 in file "main.c"
 Parameters:    Size  Location     Type
		None
 Auto vars:     Size  Location     Type
		None
 Return value:  Size  Location     Type
                  1    wreg      void 
 Registers used:
		wreg
 Tracked objects:
		On entry : 
		On exit  : 
		Unchanged: 
 Data sizes:     COMMON   BANK0   BANK1   BANK3   BANK2
      Params:         0       0       0       0       0
      Locals:         0       0       0       0       0
      Temps:          0       0       0       0       0
      Totals:         0       0       0       0       0
Total ram usage:        0 bytes
 Hardware stack levels used:    1
 Hardware stack levels required when called:    5
 This function calls:
		Nothing
 This function is called by:
		_main
 This function uses a non-reentrant model


 *************** function _timer_10ms_init *****************
 Defined at:
		line 188 in file "main.c"
 Parameters:    Size  Location     Type
		None
 Auto vars:     Size  Location     Type
		None
 Return value:  Size  Location     Type
                  1    wreg      void 
 Registers used:
		wreg
 Tracked objects:
		On entry : 
		On exit  : 
		Unchanged: 
 Data sizes:     COMMON   BANK0   BANK1   BANK3   BANK2
      Params:         0       0       0       0       0
      Locals:         0       0       0       0       0
      Temps:          0       0       0       0       0
      Totals:         0       0       0       0       0
Total ram usage:        0 bytes
 Hardware stack levels used:    1
 Hardware stack levels required when called:    5
 This function calls:
		Nothing
 This function is called by:
		_main
 This function uses a non-reentrant model


 *************** function _timer_100ms_init *****************
 Defined at:
		line 182 in file "main.c"
 Parameters:    Size  Location     Type
		None
 Auto vars:     Size  Location     Type
		None
 Return value:  Size  Location     Type
                  1    wreg      void 
 Registers used:
		wreg
 Tracked objects:
		On entry : 
		On exit  : 
		Unchanged: 
 Data sizes:     COMMON   BANK0   BANK1   BANK3   BANK2
      Params:         0       0       0       0       0
      Locals:         0       0       0       0       0
      Temps:          0       0       0       0       0
      Totals:         0       0       0       0       0
Total ram usage:        0 bytes
 Hardware stack levels used:    1
 Hardware stack levels required when called:    5
 This function calls:
		Nothing
 This function is called by:
		_main
 This function uses a non-reentrant model


 *************** function _init *****************
 Defined at:
		line 163 in file "main.c"
 Parameters:    Size  Location     Type
		None
 Auto vars:     Size  Location     Type
		None
 Return value:  Size  Location     Type
                  1    wreg      void 
 Registers used:
		wreg, status,2, status,0, btemp+1
 Tracked objects:
		On entry : 
		On exit  : 
		Unchanged: 
 Data sizes:     COMMON   BANK0   BANK1   BANK3   BANK2
      Params:         0       0       0       0       0
      Locals:         0       0       0       0       0
      Temps:          0       0       0       0       0
      Totals:         0       0       0       0       0
Total ram usage:        0 bytes
 Hardware stack levels used:    1
 Hardware stack levels required when called:    5
 This function calls:
		Nothing
 This function is called by:
		_main
 This function uses a non-reentrant model


 *************** function _i2c_init *****************
 Defined at:
		line 44 in file "i2c.c"
 Parameters:    Size  Location     Type
		None
 Auto vars:     Size  Location     Type
		None
 Return value:  Size  Location     Type
                  1    wreg      void 
 Registers used:
		None
 Tracked objects:
		On entry : 
		On exit  : 
		Unchanged: 
 Data sizes:     COMMON   BANK0   BANK1   BANK3   BANK2
      Params:         0       0       0       0       0
      Locals:         0       0       0       0       0
      Temps:          0       0       0       0       0
      Totals:         0       0       0       0       0
Total ram usage:        0 bytes
 Hardware stack levels used:    1
 Hardware stack levels required when called:    5
 This function calls:
		Nothing
 This function is called by:
		_main
 This function uses a non-reentrant model


 *************** function _adc_init *****************
 Defined at:
		line 30 in file "adc.c"
 Parameters:    Size  Location     Type
		None
 Auto vars:     Size  Location     Type
		None
 Return value:  Size  Location     Type
                  1    wreg      void 
 Registers used:
		wreg
 Tracked objects:
		On entry : 
		On exit  : 
		Unchanged: 
 Data sizes:     COMMON   BANK0   BANK1   BANK3   BANK2
      Params:         0       0       0       0       0
      Locals:         0       0       0       0       0
      Temps:          0       0       0       0       0
      Totals:         0       0       0       0       0
Total ram usage:        0 bytes
 Hardware stack levels used:    1
 Hardware stack levels required when called:    5
 This function calls:
		Nothing
 This function is called by:
		_main
 This function uses a non-reentrant model


 *************** function ___lwdiv *****************
 Defined at:
		line 5 in file "C:\Program Files\Microchip\xc8\v2.20\pic\sources\c90\common\lwdiv.c"
 Parameters:    Size  Location     Type
  divisor         2   15[BANK0 ] unsigned int 
  dividend        2   17[BANK0 ] unsigned int 
 Auto vars:     Size  Location     Type
  quotient        2   19[BANK0 ] unsigned int 
  counter         1   21[BANK0 ] unsigned char 
 Return value:  Size  Location     Type
                  2   15[BANK0 ] unsigned int 
 Registers used:
		wreg, status,2, status,0, btemp+1
 Tracked objects:
		On entry : 
		On exit  : 
		Unchanged: 
 Data sizes:     COMMON   BANK0   BANK1   BANK3   BANK2
      Params:         0       4       0       0       0
      Locals:         0       3       0       0       0
      Temps:          0       0       0       0       0
      Totals:         0       7       0       0       0
Total ram usage:        7 bytes
 Hardware stack levels used:    1
 Hardware stack levels required when called:    5
 This function calls:
		Nothing
 This function is called by:
		_main
 This function uses a non-reentrant model


 *************** function _ISR *****************
 Defined at:
		line 43 in file "main.c"
 Parameters:    Size  Location     Type
		None
 Auto vars:     Size  Location     Type
		None
 Return value:  Size  Location     Type
                  1    wreg      void 
 Registers used:
		wreg, fsr0l, fsr0h, status,2, status,0, btemp+1, pclath, cstack
 Tracked objects:
		On entry : 
		On exit  : 
		Unchanged: 
 Data sizes:     COMMON   BANK0   BANK1   BANK3   BANK2
      Params:         0       0       0       0       0
      Locals:         0       4       0       0       0
      Temps:          0       6       0       0       0
      Totals:         0      10       0       0       0
Total ram usage:       10 bytes
 Hardware stack levels used:    1
 Hardware stack levels required when called:    4
 This function calls:
		___awdiv
		___awmod
		_adc_amostra
		_display7s
		_e2pext_r
		_e2pext_w
 This function is called by:
		Interrupt level 1
 This function uses a non-reentrant model


 *************** function _e2pext_w *****************
 Defined at:
		line 65 in file "eeprom_ext.c"
 Parameters:    Size  Location     Type
  addr            2    9[COMMON] unsigned int 
  val             1   11[COMMON] unsigned char 
 Auto vars:     Size  Location     Type
  tmp             2    3[BANK0 ] unsigned int 
  nt              1    2[BANK0 ] unsigned char 
  al              1    1[BANK0 ] unsigned char 
  ah              1    0[BANK0 ] unsigned char 
 Return value:  Size  Location     Type
                  1    wreg      void 
 Registers used:
		wreg, status,2, status,0, btemp+1, pclath, cstack
 Tracked objects:
		On entry : 
		On exit  : 
		Unchanged: 
 Data sizes:     COMMON   BANK0   BANK1   BANK3   BANK2
      Params:         3       0       0       0       0
      Locals:         0       5       0       0       0
      Temps:          2       0       0       0       0
      Totals:         5       5       0       0       0
Total ram usage:       10 bytes
 Hardware stack levels used:    1
 Hardware stack levels required when called:    3
 This function calls:
		_e2pext_r
		_i2c_start
		_i2c_stop
		_i2c_wb
 This function is called by:
		_ISR
 This function uses a non-reentrant model


 *************** function _e2pext_r *****************
 Defined at:
		line 29 in file "eeprom_ext.c"
 Parameters:    Size  Location     Type
  addr            2    4[COMMON] unsigned int 
 Auto vars:     Size  Location     Type
  ah              1    8[COMMON] unsigned char 
  al              1    7[COMMON] unsigned char 
  ret             1    6[COMMON] unsigned char 
 Return value:  Size  Location     Type
                  1    wreg      unsigned char 
 Registers used:
		wreg, status,2, status,0, btemp+1, pclath, cstack
 Tracked objects:
		On entry : 
		On exit  : 
		Unchanged: 
 Data sizes:     COMMON   BANK0   BANK1   BANK3   BANK2
      Params:         2       0       0       0       0
      Locals:         3       0       0       0       0
      Temps:          0       0       0       0       0
      Totals:         5       0       0       0       0
Total ram usage:        5 bytes
 Hardware stack levels used:    1
 Hardware stack levels required when called:    2
 This function calls:
		_i2c_rb
		_i2c_start
		_i2c_stop
		_i2c_wb
 This function is called by:
		_e2pext_w
		_ISR
 This function uses a non-reentrant model


 *************** function _i2c_wb *****************
 Defined at:
		line 69 in file "i2c.c"
 Parameters:    Size  Location     Type
  val             1    wreg     unsigned char 
 Auto vars:     Size  Location     Type
  val             1    2[COMMON] unsigned char 
  i               1    3[COMMON] unsigned char 
 Return value:  Size  Location     Type
                  1    wreg      void 
 Registers used:
		wreg, status,2, status,0, btemp+1, pclath, cstack
 Tracked objects:
		On entry : 
		On exit  : 
		Unchanged: 
 Data sizes:     COMMON   BANK0   BANK1   BANK3   BANK2
      Params:         0       0       0       0       0
      Locals:         2       0       0       0       0
      Temps:          2       0       0       0       0
      Totals:         4       0       0       0       0
Total ram usage:        4 bytes
 Hardware stack levels used:    1
 Hardware stack levels required when called:    1
 This function calls:
		_delay
 This function is called by:
		_e2pext_r
		_e2pext_w
 This function uses a non-reentrant model


 *************** function _i2c_stop *****************
 Defined at:
		line 60 in file "i2c.c"
 Parameters:    Size  Location     Type
		None
 Auto vars:     Size  Location     Type
		None
 Return value:  Size  Location     Type
                  1    wreg      void 
 Registers used:
		status,2, status,0, pclath, cstack
 Tracked objects:
		On entry : 
		On exit  : 
		Unchanged: 
 Data sizes:     COMMON   BANK0   BANK1   BANK3   BANK2
      Params:         0       0       0       0       0
      Locals:         0       0       0       0       0
      Temps:          0       0       0       0       0
      Totals:         0       0       0       0       0
Total ram usage:        0 bytes
 Hardware stack levels used:    1
 Hardware stack levels required when called:    1
 This function calls:
		_delay
 This function is called by:
		_e2pext_r
		_e2pext_w
 This function uses a non-reentrant model


 *************** function _i2c_start *****************
 Defined at:
		line 51 in file "i2c.c"
 Parameters:    Size  Location     Type
		None
 Auto vars:     Size  Location     Type
		None
 Return value:  Size  Location     Type
                  1    wreg      void 
 Registers used:
		status,2, status,0, pclath, cstack
 Tracked objects:
		On entry : 
		On exit  : 
		Unchanged: 
 Data sizes:     COMMON   BANK0   BANK1   BANK3   BANK2
      Params:         0       0       0       0       0
      Locals:         0       0       0       0       0
      Temps:          0       0       0       0       0
      Totals:         0       0       0       0       0
Total ram usage:        0 bytes
 Hardware stack levels used:    1
 Hardware stack levels required when called:    1
 This function calls:
		_delay
 This function is called by:
		_e2pext_r
		_e2pext_w
 This function uses a non-reentrant model


 *************** function _i2c_rb *****************
 Defined at:
		line 87 in file "i2c.c"
 Parameters:    Size  Location     Type
  ack             1    wreg     unsigned char 
 Auto vars:     Size  Location     Type
  ack             1    1[COMMON] unsigned char 
  i               1    3[COMMON] unsigned char 
  ret             1    2[COMMON] unsigned char 
 Return value:  Size  Location     Type
                  1    wreg      unsigned char 
 Registers used:
		wreg, status,2, status,0, btemp+1, pclath, cstack
 Tracked objects:
		On entry : 
		On exit  : 
		Unchanged: 
 Data sizes:     COMMON   BANK0   BANK1   BANK3   BANK2
      Params:         0       0       0       0       0
      Locals:         3       0       0       0       0
      Temps:          1       0       0       0       0
      Totals:         4       0       0       0       0
Total ram usage:        4 bytes
 Hardware stack levels used:    1
 Hardware stack levels required when called:    1
 This function calls:
		_delay
 This function is called by:
		_e2pext_r
 This function uses a non-reentrant model


 *************** function _delay *****************
 Defined at:
		line 30 in file "i2c.c"
 Parameters:    Size  Location     Type
		None
 Auto vars:     Size  Location     Type
		None
 Return value:  Size  Location     Type
                  1    wreg      void 
 Registers used:
		None
 Tracked objects:
		On entry : 
		On exit  : 
		Unchanged: 
 Data sizes:     COMMON   BANK0   BANK1   BANK3   BANK2
      Params:         0       0       0       0       0
      Locals:         0       0       0       0       0
      Temps:          0       0       0       0       0
      Totals:         0       0       0       0       0
Total ram usage:        0 bytes
 Hardware stack levels used:    1
 This function calls:
		Nothing
 This function is called by:
		_i2c_start
		_i2c_stop
		_i2c_wb
		_i2c_rb
 This function uses a non-reentrant model


 *************** function _display7s *****************
 Defined at:
		line 35 in file "display7s.c"
 Parameters:    Size  Location     Type
  v               1    wreg     unsigned char 
 Auto vars:     Size  Location     Type
  v               1    0[COMMON] unsigned char 
 Return value:  Size  Location     Type
                  1    wreg      unsigned char 
 Registers used:
		wreg, fsr0l, fsr0h, status,2, status,0
 Tracked objects:
		On entry : 
		On exit  : 
		Unchanged: 
 Data sizes:     COMMON   BANK0   BANK1   BANK3   BANK2
      Params:         0       0       0       0       0
      Locals:         1       0       0       0       0
      Temps:          0       0       0       0       0
      Totals:         1       0       0       0       0
Total ram usage:        1 bytes
 Hardware stack levels used:    1
 This function calls:
		Nothing
 This function is called by:
		_ISR
 This function uses a non-reentrant model


 *************** function _adc_amostra *****************
 Defined at:
		line 44 in file "adc.c"
 Parameters:    Size  Location     Type
  canal           1    wreg     unsigned char 
 Auto vars:     Size  Location     Type
  canal           1    9[COMMON] unsigned char 
 Return value:  Size  Location     Type
                  2    0[COMMON] unsigned int 
 Registers used:
		wreg, fsr0l, fsr0h, status,2, status,0
 Tracked objects:
		On entry : 
		On exit  : 
		Unchanged: 
 Data sizes:     COMMON   BANK0   BANK1   BANK3   BANK2
      Params:         2       0       0       0       0
      Locals:         1       0       0       0       0
      Temps:          7       0       0       0       0
      Totals:        10       0       0       0       0
Total ram usage:       10 bytes
 Hardware stack levels used:    1
 This function calls:
		Nothing
 This function is called by:
		_ISR
 This function uses a non-reentrant model


 *************** function ___awmod *****************
 Defined at:
		line 5 in file "C:\Program Files\Microchip\xc8\v2.20\pic\sources\c90\common\awmod.c"
 Parameters:    Size  Location     Type
  divisor         2    0[COMMON] int 
  dividend        2    2[COMMON] int 
 Auto vars:     Size  Location     Type
  sign            1    5[COMMON] unsigned char 
  counter         1    4[COMMON] unsigned char 
 Return value:  Size  Location     Type
                  2    0[COMMON] int 
 Registers used:
		wreg, status,2, status,0, btemp+1
 Tracked objects:
		On entry : 
		On exit  : 
		Unchanged: 
 Data sizes:     COMMON   BANK0   BANK1   BANK3   BANK2
      Params:         4       0       0       0       0
      Locals:         2       0       0       0       0
      Temps:          0       0       0       0       0
      Totals:         6       0       0       0       0
Total ram usage:        6 bytes
 Hardware stack levels used:    1
 This function calls:
		Nothing
 This function is called by:
		_ISR
 This function uses a non-reentrant model


 *************** function ___awdiv *****************
 Defined at:
		line 5 in file "C:\Program Files\Microchip\xc8\v2.20\pic\sources\c90\common\awdiv.c"
 Parameters:    Size  Location     Type
  divisor         2    0[COMMON] int 
  dividend        2    2[COMMON] int 
 Auto vars:     Size  Location     Type
  quotient        2    6[COMMON] int 
  sign            1    5[COMMON] unsigned char 
  counter         1    4[COMMON] unsigned char 
 Return value:  Size  Location     Type
                  2    0[COMMON] int 
 Registers used:
		wreg, status,2, status,0, btemp+1
 Tracked objects:
		On entry : 
		On exit  : 
		Unchanged: 
 Data sizes:     COMMON   BANK0   BANK1   BANK3   BANK2
      Params:         4       0       0       0       0
      Locals:         4       0       0       0       0
      Temps:          0       0       0       0       0
      Totals:         8       0       0       0       0
Total ram usage:        8 bytes
 Hardware stack levels used:    1
 This function calls:
		Nothing
 This function is called by:
		_ISR
 This function uses a non-reentrant model



MODULE INFORMATION

Module		Function		Class		Link	Load	Size
eeprom_ext.c
		_e2pext_r      		CODE           	047A	0000	78
		_e2pext_w      		CODE           	0315	0000	102

eeprom_ext.c estimated size: 180

i2c.c
		_i2c_rb        		CODE           	042A	0000	81
		_delay         		CODE           	0613	0000	10
		_i2c_start     		CODE           	05CB	0000	19
		_i2c_stop      		CODE           	05B9	0000	19
		_i2c_init      		CODE           	0624	0000	9
		_i2c_wb        		CODE           	0553	0000	63

i2c.c estimated size: 201

display7s.c
		_display7s     		CODE           	03D3	0000	88

display7s.c estimated size: 88

adc.c
		_adc_amostra   		CODE           	050D	0000	71
		_adc_init      		CODE           	060A	0000	10

adc.c estimated size: 81

C:\Program Files\Microchip\xc8\v2.20\pic\sources\c90\common\awmod.c
		___awmod       		CODE           	037A	0000	90

C:\Program Files\Microchip\xc8\v2.20\pic\sources\c90\common\awmod.c estimated size: 90

shared
		__initialization		CODE           	0015	0000	23

shared estimated size: 23

C:\Program Files\Microchip\xc8\v2.20\pic\sources\c90\common\lwdiv.c
		___lwdiv       		CODE           	04C7	0000	71

C:\Program Files\Microchip\xc8\v2.20\pic\sources\c90\common\lwdiv.c estimated size: 71

main.c
		_init          		CODE           	0591	0000	22
		_timer_1s_init 		CODE           	05EA	0000	13
		_timer_100ms_init		CODE           	0600	0000	11
		_ISR           		CODE           	002F	0000	389
		_main          		CODE           	01B3	0000	252
		_timer_10ms_init		CODE           	05F6	0000	11

main.c estimated size: 698

C:\Program Files\Microchip\xc8\v2.20\pic\sources\c90\common\awdiv.c
		___awdiv       		CODE           	02AE	0000	104

C:\Program Files\Microchip\xc8\v2.20\pic\sources\c90\common\awdiv.c estimated size: 104

